// Jest Snapshot v1, https://goo.gl/fbAQLP

exports[`StringValue component should render component correctly 1`] = `
<div>
  <input
    class="Input Input--size_small"
    data-lpignore="true"
    type="text"
    value="flex"
  />
</div>
`;
