// Jest Snapshot v1, https://goo.gl/fbAQLP

exports[`NumberValue component should render component correctly 1`] = `
<NumberValue
  item={
    Object {
      "value": "100",
    }
  }
  onChange={[MockFunction]}
>
  <Input
    disabled={false}
    isBlock={false}
    onChange={[Function]}
    size="small"
    type="number"
    value="100"
  >
    <input
      className="Input Input--size_small"
      data-lpignore={true}
      disabled={false}
      onChange={[Function]}
      type="number"
      value="100"
    />
  </Input>
</NumberValue>
`;
