// Jest Snapshot v1, https://goo.gl/fbAQLP

exports[`ReactElementHighlighter should highlight and return result 1`] = `"<div><h1><mark style=\\"border-radius: 1px; display: inline-block; text-indent: initial; background-color: rgb(255, 241, 107);\\" data-highlight-keyword=\\"lorem\\"></mark> ipsum <mark style=\\"border-radius: 1px; display: inline-block; text-indent: initial; background-color: rgb(229, 218, 201);\\" data-highlight-keyword=\\"dolor\\"></mark> sit amet</h1><p><mark style=\\"border-radius: 1px; display: inline-block; text-indent: initial; background-color: rgb(255, 241, 107);\\" data-highlight-keyword=\\"lorem\\"></mark> ipsum <mark style=\\"border-radius: 1px; display: inline-block; text-indent: initial; background-color: rgb(229, 218, 201);\\" data-highlight-keyword=\\"dolor\\"></mark> sit amet, eiusmod tempor incididunt ut labore et <mark style=\\"border-radius: 1px; display: inline-block; text-indent: initial; background-color: rgb(255, 196, 166);\\" data-highlight-keyword=\\"dolore\\"></mark> magna aliqua. Ut enim ad minim veniam, quis nostrud exercitation ullamco laboris nisi ut aliquip ex ea commodo consequat. Duis aute <mark style=\\"border-radius: 1px; display: inline-block; text-indent: initial; background-color: rgb(214, 244, 129);\\" data-highlight-keyword=\\"irure dolor\\"></mark> in reprehenderit in voluptate velit esse cillum <mark style=\\"border-radius: 1px; display: inline-block; text-indent: initial; background-color: rgb(255, 196, 166);\\" data-highlight-keyword=\\"dolore\\"></mark> eu fugiat nulla pariatur. Excepteur sint occaecat cupidatat non proident, sunt in culpa <mark style=\\"border-radius: 1px; display: inline-block; text-indent: initial; background-color: rgb(175, 245, 226);\\" data-highlight-keyword=\\"qui officia deserunt\\"></mark> mollit anim id est laborum.</p></div>"`;

exports[`ReactElementHighlighter should highlight keywords with custom styles 1`] = `"<div><h1><mark style=\\"color: lightyellow;\\" data-highlight-keyword=\\"lorem\\"></mark> ipsum <mark style=\\"color: lightyellow;\\" data-highlight-keyword=\\"dolor\\"></mark> sit amet</h1><p><mark style=\\"color: lightyellow;\\" data-highlight-keyword=\\"lorem\\"></mark> ipsum <mark style=\\"color: lightyellow;\\" data-highlight-keyword=\\"dolor\\"></mark> sit amet, eiusmod tempor incididunt ut labore et <mark style=\\"color: lightyellow;\\" data-highlight-keyword=\\"dolore\\"></mark> magna aliqua. Ut enim ad minim veniam, quis nostrud exercitation ullamco laboris nisi ut aliquip ex ea commodo consequat. Duis aute <mark style=\\"color: lightyellow;\\" data-highlight-keyword=\\"irure dolor\\"></mark> in reprehenderit in voluptate velit esse cillum <mark style=\\"color: lightyellow;\\" data-highlight-keyword=\\"dolore\\"></mark> eu fugiat nulla pariatur. Excepteur sint occaecat cupidatat non proident, sunt in culpa <mark style=\\"color: lightyellow;\\" data-highlight-keyword=\\"qui officia deserunt\\"></mark> mollit anim id est laborum.</p></div>"`;
