// Jest Snapshot v1, https://goo.gl/fbAQLP

exports[`<Tag> component should render correctly with full list of props 1`] = `
<div>
  <div
    class="Tag Tag--isSelected Tag--clickable"
    role="button"
    style="background-color: rgb(204, 204, 204); max-width: 30px;"
    tabindex="0"
  >
    <p
      class="Text--size_large Tag__text my-class"
      style="color: red;"
      title="Tag text"
    >
      Tag text
    </p>
    <button
      class="Tag__deleteButton"
      type="button"
    >
      <svg
        fill="currentColor"
        height="15px"
        stroke="currentColor"
        stroke-width="0"
        viewBox="0 0 24 24"
        width="15px"
        xmlns="http://www.w3.org/2000/svg"
      >
        <path
          d="M0 0h24v24H0z"
          fill="none"
        />
        <path
          d="M19 6.41L17.59 5 12 10.59 6.41 5 5 6.41 10.59 12 5 17.59 6.41 19 12 13.41 17.59 19 19 17.59 13.41 12z"
        />
      </svg>
    </button>
  </div>
</div>
`;

exports[`<Tag> component should render correctly with minimum amount of props 1`] = `
<div>
  <div
    class="Tag"
    style="max-width: fit-content;"
  >
    <p
      class="Tag__text"
      title="Tag text"
    >
      Tag text
    </p>
  </div>
</div>
`;
