// Jest Snapshot v1, https://goo.gl/fbAQLP

exports[`MultiSelectItem should render correctly 1`] = `
<div>
  <li
    aria-selected="false"
    class="MultiSelectItem"
    role="option"
    tabindex="0"
  >
    <div
      class="Checkbox"
    >
      <input
        class="Checkbox__input"
        id=":r0:"
        tabindex="-1"
        type="checkbox"
      />
      <label
        class="Checkbox__label"
        for=":r0:"
      >
        <span
          class="Checkbox__box"
        >
          <svg
            class="Checkbox__svg"
            height="8px"
            role="img"
            viewBox="0 0 12 9"
            width="12px"
          />
        </span>
        <span
          class="Text--size_medium Checkbox__text"
        >
          Select all
        </span>
      </label>
    </div>
  </li>
</div>
`;
