// Jest Snapshot v1, https://goo.gl/fbAQLP

exports[`PrioritySelector renders correctly with all props provided 1`] = `
<div>
  <button
    aria-expanded="false"
    aria-haspopup="menu"
    aria-label="Mandatory"
    class="Button Button--variant_ghost Button--context_secondary IconButton--size_medium PrioritySelector__icon PrioritySelector__icon--mandatory test-class"
    data-state="closed"
    id="radix-:r0:"
    type="button"
  >
    <svg
      class="IconButton__icon--size_medium"
      data-testid="default-icon"
      viewBox="0 0 24 24"
    />
  </button>
</div>
`;

exports[`PrioritySelector should render correctly opened 1`] = `
<body
  data-scroll-locked="1"
  style="pointer-events: none;"
>
  <span
    aria-hidden="true"
    data-aria-hidden="true"
    data-radix-focus-guard=""
    style="outline: none; opacity: 0; position: fixed; pointer-events: none;"
    tabindex="0"
  />
  <div
    aria-hidden="true"
    data-aria-hidden="true"
  >
    <button
      aria-controls="radix-:r3:"
      aria-expanded="true"
      aria-haspopup="menu"
      aria-label="Mandatory"
      class="Button Button--variant_ghost Button--context_secondary IconButton--size_medium PrioritySelector__icon PrioritySelector__icon--mandatory test-class"
      data-state="open"
      id="radix-:r2:"
      type="button"
    >
      <svg
        class="IconButton__icon--size_medium"
        data-testid="default-icon"
        viewBox="0 0 24 24"
      />
    </button>
  </div>
  <div
    data-radix-popper-content-wrapper=""
    dir="ltr"
    style="position: fixed; left: 0px; top: 0px; transform: translate(0px, 6px); min-width: max-content; --radix-popper-available-width: 0px; --radix-popper-available-height: -6px; --radix-popper-anchor-width: 0px; --radix-popper-anchor-height: 0px; --radix-popper-transform-origin: 0% 0px;"
  >
    <div
      aria-labelledby="radix-:r2:"
      aria-orientation="vertical"
      class="DropdownContent PrioritySelector__badgeDropdownList PrioritySelector__badgeDropdownList--fixedWidth"
      data-align="start"
      data-orientation="vertical"
      data-radix-menu-content=""
      data-side="bottom"
      data-state="open"
      dir="ltr"
      id="radix-:r3:"
      role="menu"
      style="outline: none; --radix-dropdown-menu-content-transform-origin: var(--radix-popper-transform-origin); --radix-dropdown-menu-content-available-width: var(--radix-popper-available-width); --radix-dropdown-menu-content-available-height: var(--radix-popper-available-height); --radix-dropdown-menu-trigger-width: var(--radix-popper-anchor-width); --radix-dropdown-menu-trigger-height: var(--radix-popper-anchor-height); pointer-events: auto;"
      tabindex="-1"
    >
      <div
        aria-selected="true"
        class="DropdownItem DropdownItem--isSelected"
        data-orientation="vertical"
        data-radix-collection-item=""
        role="option"
        tabindex="0"
      >
        <div
          class="PrioritySelector__badgeListItem"
        >
          <svg
            class="PrioritySelector__icon PrioritySelector__icon--mandatory PrioritySelector__icon--inList"
            data-testid="default-icon"
            viewBox="0 0 24 24"
          />
          <span
            class="Text--size_small"
          >
            Mandatory
          </span>
        </div>
      </div>
      <div
        aria-selected="false"
        class="DropdownItem"
        data-orientation="vertical"
        data-radix-collection-item=""
        role="option"
        tabindex="0"
      >
        <div
          class="PrioritySelector__badgeListItem"
        >
          <svg
            class="PrioritySelector__icon PrioritySelector__icon--important PrioritySelector__icon--inList"
            data-testid="default-icon"
            viewBox="0 0 24 24"
          />
          <span
            class="Text--size_small"
          >
            Important
          </span>
        </div>
      </div>
      <div
        aria-selected="false"
        class="DropdownItem"
        data-orientation="vertical"
        data-radix-collection-item=""
        role="option"
        tabindex="0"
      >
        <div
          class="PrioritySelector__badgeListItem"
        >
          <svg
            class="PrioritySelector__icon PrioritySelector__icon--optional PrioritySelector__icon--inList"
            data-testid="default-icon"
            viewBox="0 0 24 24"
          />
          <span
            class="Text--size_small"
          >
            Optional
          </span>
        </div>
      </div>
      <div
        aria-selected="false"
        class="DropdownItem"
        data-orientation="vertical"
        data-radix-collection-item=""
        role="option"
        tabindex="0"
      >
        <div
          class="PrioritySelector__badgeListItem"
        >
          <svg
            class="PrioritySelector__icon PrioritySelector__icon--exclude PrioritySelector__icon--inList"
            data-testid="default-icon"
            viewBox="0 0 24 24"
          />
          <span
            class="Text--size_small"
          >
            Exclude
          </span>
        </div>
      </div>
    </div>
  </div>
  <span
    aria-hidden="true"
    data-aria-hidden="true"
    data-radix-focus-guard=""
    style="outline: none; opacity: 0; position: fixed; pointer-events: none;"
    tabindex="0"
  />
</body>
`;
