// Jest Snapshot v1, https://goo.gl/fbAQLP

exports[`ComboboxMulti rendering should initially render empty component correctly 1`] = `
<ComboboxMulti
  inputPlaceholder="type here..."
  noSuggestionsPlaceholder="No suggestions..."
  onBlur={[MockFunction]}
  onInputValueChange={[MockFunction]}
  onSelectionAdd={[MockFunction]}
  suggestionToString={[Function]}
  suggestions={
    Array [
      Object {
        "name": "Sun",
      },
      Object {
        "name": "Moon",
      },
      Object {
        "name": "Mercury",
      },
      Object {
        "name": "Venus",
      },
      Object {
        "name": "Earth",
      },
      Object {
        "name": "Mars",
      },
      Object {
        "name": "Jupiter",
      },
      Object {
        "name": "Saturn",
      },
      Object {
        "name": "Neptune",
      },
      Object {
        "disabled": true,
        "name": "Pluto",
      },
    ]
  }
>
  <SelectBase
    blurredRenderer={[Function]}
    focusedRenderer={[Function]}
    inputRef={
      Object {
        "current": <input
          aria-autocomplete="list"
          aria-labelledby="downshift-0-label"
          autocomplete="off"
          class="ComboboxMulti__input"
          data-lpignore="true"
          placeholder="type here..."
          value=""
        />,
      }
    }
    keepExpandedAfterSelection={true}
    listRenderer={[Function]}
    onBlur={[MockFunction]}
    onInputValueChange={[MockFunction]}
    onSelectionAdd={[MockFunction]}
    suggestionToString={[Function]}
    suggestions={
      Array [
        Object {
          "name": "Sun",
        },
        Object {
          "name": "Moon",
        },
        Object {
          "name": "Mercury",
        },
        Object {
          "name": "Venus",
        },
        Object {
          "name": "Earth",
        },
        Object {
          "name": "Mars",
        },
        Object {
          "name": "Jupiter",
        },
        Object {
          "name": "Saturn",
        },
        Object {
          "name": "Neptune",
        },
        Object {
          "disabled": true,
          "name": "Pluto",
        },
      ]
    }
  >
    <div
      className="SelectBase"
    >
      <Downshift
        defaultHighlightedIndex={0}
        defaultIsOpen={false}
        environment={[Window]}
        getA11yStatusMessage={[Function]}
        inputValue=""
        itemToString={[Function]}
        onChange={[Function]}
        onInputValueChange={[Function]}
        onOuterClick={[Function]}
        onSelect={[Function]}
        onStateChange={[Function]}
        onUserAction={[Function]}
        scrollIntoView={[Function]}
        selectedItemChanged={[Function]}
        stateReducer={[Function]}
        suppressRefError={false}
      >
        <div
          aria-expanded={false}
          aria-haspopup="listbox"
          aria-labelledby="downshift-0-label"
          aria-owns={null}
          className="SelectBase__main"
          role="combobox"
        >
          <FieldWrapper
            className="SelectBase__field"
            clearLabel=""
            isArrowUp={false}
            isFocused={false}
            onArrowClick={[Function]}
            onClear={[Function]}
            onClick={[Function]}
            showArrow={false}
            showClearButton={false}
          >
            <div
              className="FieldWrapper SelectBase__field"
              onClick={[Function]}
            >
              <div
                className="FieldWrapper__content"
              >
                <div
                  className="ComboboxMulti__wrapper"
                  role="searchbox"
                  tabIndex={0}
                >
                  <input
                    aria-activedescendant={null}
                    aria-autocomplete="list"
                    aria-controls={null}
                    aria-labelledby="downshift-0-label"
                    autoComplete="off"
                    className="ComboboxMulti__input"
                    data-lpignore={true}
                    onBlur={[Function]}
                    onChange={[Function]}
                    onFocus={[Function]}
                    onKeyDown={[Function]}
                    placeholder="type here..."
                    value=""
                  />
                  <IoMdArrowDropdown
                    aria-haspopup={true}
                    aria-label="open menu"
                    className="ComboboxMulti__dropdownIcon"
                    data-toggle={true}
                    onBlur={[Function]}
                    onClick={[Function]}
                    onKeyDown={[Function]}
                    onKeyUp={[Function]}
                    role="button"
                    type="button"
                  >
                    <IconBase
                      aria-haspopup={true}
                      aria-label="open menu"
                      attr={
                        Object {
                          "viewBox": "0 0 512 512",
                        }
                      }
                      className="ComboboxMulti__dropdownIcon"
                      data-toggle={true}
                      onBlur={[Function]}
                      onClick={[Function]}
                      onKeyDown={[Function]}
                      onKeyUp={[Function]}
                      role="button"
                      type="button"
                    >
                      <svg
                        aria-haspopup={true}
                        aria-label="open menu"
                        className="ComboboxMulti__dropdownIcon"
                        data-toggle={true}
                        fill="currentColor"
                        height="1em"
                        onBlur={[Function]}
                        onClick={[Function]}
                        onKeyDown={[Function]}
                        onKeyUp={[Function]}
                        role="button"
                        stroke="currentColor"
                        strokeWidth="0"
                        style={
                          Object {
                            "color": undefined,
                          }
                        }
                        type="button"
                        viewBox="0 0 512 512"
                        width="1em"
                        xmlns="http://www.w3.org/2000/svg"
                      >
                        <path
                          d="M128 192l128 128 128-128z"
                          key="0"
                        />
                      </svg>
                    </IconBase>
                  </IoMdArrowDropdown>
                </div>
                <List
                  aria-labelledby="downshift-0-label"
                  id="downshift-0-menu"
                  isControlledNavigation={true}
                  role="listbox"
                >
                  <ul
                    aria-labelledby="downshift-0-label"
                    className="List"
                    id="downshift-0-menu"
                    role="listbox"
                  />
                </List>
              </div>
            </div>
          </FieldWrapper>
        </div>
      </Downshift>
    </div>
  </SelectBase>
</ComboboxMulti>
`;

exports[`ComboboxMulti rendering should render all suggestions from the list 1`] = `
<ComboboxMulti
  inputPlaceholder="type here..."
  noSuggestionsPlaceholder="No suggestions..."
  onBlur={[MockFunction]}
  onInputValueChange={[MockFunction]}
  onSelectionAdd={[MockFunction]}
  suggestionToString={[Function]}
  suggestions={
    Array [
      Object {
        "name": "Sun",
      },
      Object {
        "name": "Moon",
      },
      Object {
        "name": "Mercury",
      },
      Object {
        "name": "Venus",
      },
      Object {
        "name": "Earth",
      },
      Object {
        "name": "Mars",
      },
      Object {
        "name": "Jupiter",
      },
      Object {
        "name": "Saturn",
      },
      Object {
        "name": "Neptune",
      },
      Object {
        "disabled": true,
        "name": "Pluto",
      },
    ]
  }
>
  <SelectBase
    blurredRenderer={[Function]}
    focusedRenderer={[Function]}
    inputRef={
      Object {
        "current": <input
          aria-activedescendant="downshift-6-item-0"
          aria-autocomplete="list"
          aria-controls="downshift-6-menu"
          aria-labelledby="downshift-6-label"
          autocomplete="off"
          class="ComboboxMulti__input"
          data-lpignore="true"
          placeholder="type here..."
          value=""
        />,
      }
    }
    keepExpandedAfterSelection={true}
    listRenderer={[Function]}
    onBlur={[MockFunction]}
    onInputValueChange={[MockFunction]}
    onSelectionAdd={[MockFunction]}
    suggestionToString={[Function]}
    suggestions={
      Array [
        Object {
          "name": "Sun",
        },
        Object {
          "name": "Moon",
        },
        Object {
          "name": "Mercury",
        },
        Object {
          "name": "Venus",
        },
        Object {
          "name": "Earth",
        },
        Object {
          "name": "Mars",
        },
        Object {
          "name": "Jupiter",
        },
        Object {
          "name": "Saturn",
        },
        Object {
          "name": "Neptune",
        },
        Object {
          "disabled": true,
          "name": "Pluto",
        },
      ]
    }
  >
    <div
      className="SelectBase"
    >
      <Downshift
        defaultHighlightedIndex={0}
        defaultIsOpen={false}
        environment={[Window]}
        getA11yStatusMessage={[Function]}
        inputValue=""
        itemToString={[Function]}
        onChange={[Function]}
        onInputValueChange={[Function]}
        onOuterClick={[Function]}
        onSelect={[Function]}
        onStateChange={[Function]}
        onUserAction={[Function]}
        scrollIntoView={[Function]}
        selectedItemChanged={[Function]}
        stateReducer={[Function]}
        suppressRefError={false}
      >
        <div
          aria-expanded={true}
          aria-haspopup="listbox"
          aria-labelledby="downshift-6-label"
          aria-owns="downshift-6-menu"
          className="SelectBase__main SelectBase__main--focused"
          role="combobox"
        >
          <FieldWrapper
            className="SelectBase__field"
            clearLabel=""
            isArrowUp={true}
            isFocused={true}
            onArrowClick={[Function]}
            onClear={[Function]}
            onClick={[Function]}
            showArrow={false}
            showClearButton={false}
          >
            <div
              className="FieldWrapper FieldWrapper--isFocused SelectBase__field"
              onClick={[Function]}
            >
              <div
                className="FieldWrapper__content"
              >
                <div
                  className="ComboboxMulti__wrapper"
                  role="searchbox"
                  tabIndex={0}
                >
                  <input
                    aria-activedescendant="downshift-6-item-0"
                    aria-autocomplete="list"
                    aria-controls="downshift-6-menu"
                    aria-labelledby="downshift-6-label"
                    autoComplete="off"
                    className="ComboboxMulti__input"
                    data-lpignore={true}
                    onBlur={[Function]}
                    onChange={[Function]}
                    onKeyDown={[Function]}
                    placeholder="type here..."
                    value=""
                  />
                  <IoMdArrowDropup
                    aria-haspopup={true}
                    aria-label="close menu"
                    className="ComboboxMulti__dropdownIcon"
                    data-toggle={true}
                    onBlur={[Function]}
                    onClick={[Function]}
                    onKeyDown={[Function]}
                    onKeyUp={[Function]}
                    role="button"
                    type="button"
                  >
                    <IconBase
                      aria-haspopup={true}
                      aria-label="close menu"
                      attr={
                        Object {
                          "viewBox": "0 0 512 512",
                        }
                      }
                      className="ComboboxMulti__dropdownIcon"
                      data-toggle={true}
                      onBlur={[Function]}
                      onClick={[Function]}
                      onKeyDown={[Function]}
                      onKeyUp={[Function]}
                      role="button"
                      type="button"
                    >
                      <svg
                        aria-haspopup={true}
                        aria-label="close menu"
                        className="ComboboxMulti__dropdownIcon"
                        data-toggle={true}
                        fill="currentColor"
                        height="1em"
                        onBlur={[Function]}
                        onClick={[Function]}
                        onKeyDown={[Function]}
                        onKeyUp={[Function]}
                        role="button"
                        stroke="currentColor"
                        strokeWidth="0"
                        style={
                          Object {
                            "color": undefined,
                          }
                        }
                        type="button"
                        viewBox="0 0 512 512"
                        width="1em"
                        xmlns="http://www.w3.org/2000/svg"
                      >
                        <path
                          d="M128 320l128-128 128 128z"
                          key="0"
                        />
                      </svg>
                    </IconBase>
                  </IoMdArrowDropup>
                </div>
                <List
                  aria-labelledby="downshift-6-label"
                  className="SelectBase__list--focused"
                  id="downshift-6-menu"
                  isControlledNavigation={true}
                  role="listbox"
                >
                  <ul
                    aria-labelledby="downshift-6-label"
                    className="List SelectBase__list--focused"
                    id="downshift-6-menu"
                    role="listbox"
                  >
                    <SuggestionsList
                      className="List__item"
                      getItemProps={[Function]}
                      highlightedIndex={0}
                      inputValue=""
                      isLoading={false}
                      key=".0"
                      noSuggestionsPlaceholder="No suggestions..."
                      passDisabledToListItems={true}
                      suggestionToString={[Function]}
                      suggestions={
                        Array [
                          Object {
                            "name": "Sun",
                          },
                          Object {
                            "name": "Moon",
                          },
                          Object {
                            "name": "Mercury",
                          },
                          Object {
                            "name": "Venus",
                          },
                          Object {
                            "name": "Earth",
                          },
                          Object {
                            "name": "Mars",
                          },
                          Object {
                            "name": "Jupiter",
                          },
                          Object {
                            "name": "Saturn",
                          },
                          Object {
                            "name": "Neptune",
                          },
                          Object {
                            "disabled": true,
                            "name": "Pluto",
                          },
                        ]
                      }
                      useOptimizeRender={false}
                    >
                      <ListItem
                        aria-selected={true}
                        disabled={false}
                        id="downshift-6-item-0"
                        isHighlighted={true}
                        key="Sun"
                        onClick={[Function]}
                        onMouseDown={[Function]}
                        onMouseMove={[Function]}
                        passDisabledToLi={true}
                        role="option"
                        style={Object {}}
                      >
                        <li
                          aria-selected={true}
                          className="ListItem ListItem--isHighlighted ListItem--clickable"
                          disabled={false}
                          id="downshift-6-item-0"
                          onClick={[Function]}
                          onMouseDown={[Function]}
                          onMouseMove={[Function]}
                          role="presentation"
                          style={Object {}}
                        >
                          <MarkedText
                            inline={true}
                            key=".0"
                            marker=""
                          >
                            <Text
                              inline={true}
                            >
                              <span>
                                Sun
                              </span>
                            </Text>
                          </MarkedText>
                        </li>
                      </ListItem>
                      <ListItem
                        aria-selected={false}
                        disabled={false}
                        id="downshift-6-item-1"
                        isHighlighted={false}
                        key="Moon"
                        onClick={[Function]}
                        onMouseDown={[Function]}
                        onMouseMove={[Function]}
                        passDisabledToLi={true}
                        role="option"
                        style={Object {}}
                      >
                        <li
                          aria-selected={false}
                          className="ListItem ListItem--clickable"
                          disabled={false}
                          id="downshift-6-item-1"
                          onClick={[Function]}
                          onMouseDown={[Function]}
                          onMouseMove={[Function]}
                          role="presentation"
                          style={Object {}}
                        >
                          <MarkedText
                            inline={true}
                            key=".0"
                            marker=""
                          >
                            <Text
                              inline={true}
                            >
                              <span>
                                Moon
                              </span>
                            </Text>
                          </MarkedText>
                        </li>
                      </ListItem>
                      <ListItem
                        aria-selected={false}
                        disabled={false}
                        id="downshift-6-item-2"
                        isHighlighted={false}
                        key="Mercury"
                        onClick={[Function]}
                        onMouseDown={[Function]}
                        onMouseMove={[Function]}
                        passDisabledToLi={true}
                        role="option"
                        style={Object {}}
                      >
                        <li
                          aria-selected={false}
                          className="ListItem ListItem--clickable"
                          disabled={false}
                          id="downshift-6-item-2"
                          onClick={[Function]}
                          onMouseDown={[Function]}
                          onMouseMove={[Function]}
                          role="presentation"
                          style={Object {}}
                        >
                          <MarkedText
                            inline={true}
                            key=".0"
                            marker=""
                          >
                            <Text
                              inline={true}
                            >
                              <span>
                                Mercury
                              </span>
                            </Text>
                          </MarkedText>
                        </li>
                      </ListItem>
                      <ListItem
                        aria-selected={false}
                        disabled={false}
                        id="downshift-6-item-3"
                        isHighlighted={false}
                        key="Venus"
                        onClick={[Function]}
                        onMouseDown={[Function]}
                        onMouseMove={[Function]}
                        passDisabledToLi={true}
                        role="option"
                        style={Object {}}
                      >
                        <li
                          aria-selected={false}
                          className="ListItem ListItem--clickable"
                          disabled={false}
                          id="downshift-6-item-3"
                          onClick={[Function]}
                          onMouseDown={[Function]}
                          onMouseMove={[Function]}
                          role="presentation"
                          style={Object {}}
                        >
                          <MarkedText
                            inline={true}
                            key=".0"
                            marker=""
                          >
                            <Text
                              inline={true}
                            >
                              <span>
                                Venus
                              </span>
                            </Text>
                          </MarkedText>
                        </li>
                      </ListItem>
                      <ListItem
                        aria-selected={false}
                        disabled={false}
                        id="downshift-6-item-4"
                        isHighlighted={false}
                        key="Earth"
                        onClick={[Function]}
                        onMouseDown={[Function]}
                        onMouseMove={[Function]}
                        passDisabledToLi={true}
                        role="option"
                        style={Object {}}
                      >
                        <li
                          aria-selected={false}
                          className="ListItem ListItem--clickable"
                          disabled={false}
                          id="downshift-6-item-4"
                          onClick={[Function]}
                          onMouseDown={[Function]}
                          onMouseMove={[Function]}
                          role="presentation"
                          style={Object {}}
                        >
                          <MarkedText
                            inline={true}
                            key=".0"
                            marker=""
                          >
                            <Text
                              inline={true}
                            >
                              <span>
                                Earth
                              </span>
                            </Text>
                          </MarkedText>
                        </li>
                      </ListItem>
                      <ListItem
                        aria-selected={false}
                        disabled={false}
                        id="downshift-6-item-5"
                        isHighlighted={false}
                        key="Mars"
                        onClick={[Function]}
                        onMouseDown={[Function]}
                        onMouseMove={[Function]}
                        passDisabledToLi={true}
                        role="option"
                        style={Object {}}
                      >
                        <li
                          aria-selected={false}
                          className="ListItem ListItem--clickable"
                          disabled={false}
                          id="downshift-6-item-5"
                          onClick={[Function]}
                          onMouseDown={[Function]}
                          onMouseMove={[Function]}
                          role="presentation"
                          style={Object {}}
                        >
                          <MarkedText
                            inline={true}
                            key=".0"
                            marker=""
                          >
                            <Text
                              inline={true}
                            >
                              <span>
                                Mars
                              </span>
                            </Text>
                          </MarkedText>
                        </li>
                      </ListItem>
                      <ListItem
                        aria-selected={false}
                        disabled={false}
                        id="downshift-6-item-6"
                        isHighlighted={false}
                        key="Jupiter"
                        onClick={[Function]}
                        onMouseDown={[Function]}
                        onMouseMove={[Function]}
                        passDisabledToLi={true}
                        role="option"
                        style={Object {}}
                      >
                        <li
                          aria-selected={false}
                          className="ListItem ListItem--clickable"
                          disabled={false}
                          id="downshift-6-item-6"
                          onClick={[Function]}
                          onMouseDown={[Function]}
                          onMouseMove={[Function]}
                          role="presentation"
                          style={Object {}}
                        >
                          <MarkedText
                            inline={true}
                            key=".0"
                            marker=""
                          >
                            <Text
                              inline={true}
                            >
                              <span>
                                Jupiter
                              </span>
                            </Text>
                          </MarkedText>
                        </li>
                      </ListItem>
                      <ListItem
                        aria-selected={false}
                        disabled={false}
                        id="downshift-6-item-7"
                        isHighlighted={false}
                        key="Saturn"
                        onClick={[Function]}
                        onMouseDown={[Function]}
                        onMouseMove={[Function]}
                        passDisabledToLi={true}
                        role="option"
                        style={Object {}}
                      >
                        <li
                          aria-selected={false}
                          className="ListItem ListItem--clickable"
                          disabled={false}
                          id="downshift-6-item-7"
                          onClick={[Function]}
                          onMouseDown={[Function]}
                          onMouseMove={[Function]}
                          role="presentation"
                          style={Object {}}
                        >
                          <MarkedText
                            inline={true}
                            key=".0"
                            marker=""
                          >
                            <Text
                              inline={true}
                            >
                              <span>
                                Saturn
                              </span>
                            </Text>
                          </MarkedText>
                        </li>
                      </ListItem>
                      <ListItem
                        aria-selected={false}
                        disabled={false}
                        id="downshift-6-item-8"
                        isHighlighted={false}
                        key="Neptune"
                        onClick={[Function]}
                        onMouseDown={[Function]}
                        onMouseMove={[Function]}
                        passDisabledToLi={true}
                        role="option"
                        style={Object {}}
                      >
                        <li
                          aria-selected={false}
                          className="ListItem ListItem--clickable"
                          disabled={false}
                          id="downshift-6-item-8"
                          onClick={[Function]}
                          onMouseDown={[Function]}
                          onMouseMove={[Function]}
                          role="presentation"
                          style={Object {}}
                        >
                          <MarkedText
                            inline={true}
                            key=".0"
                            marker=""
                          >
                            <Text
                              inline={true}
                            >
                              <span>
                                Neptune
                              </span>
                            </Text>
                          </MarkedText>
                        </li>
                      </ListItem>
                      <ListItem
                        aria-selected={false}
                        disabled={true}
                        id="downshift-6-item-9"
                        isHighlighted={false}
                        key="Pluto"
                        onMouseDown={[Function]}
                        passDisabledToLi={true}
                        role="option"
                        style={Object {}}
                      >
                        <li
                          aria-selected={false}
                          className="ListItem ListItem--disabled"
                          disabled={true}
                          id="downshift-6-item-9"
                          onMouseDown={[Function]}
                          role="presentation"
                          style={Object {}}
                        >
                          <MarkedText
                            inline={true}
                            key=".0"
                            marker=""
                          >
                            <Text
                              inline={true}
                            >
                              <span>
                                Pluto
                              </span>
                            </Text>
                          </MarkedText>
                        </li>
                      </ListItem>
                    </SuggestionsList>
                  </ul>
                </List>
              </div>
            </div>
          </FieldWrapper>
        </div>
      </Downshift>
    </div>
  </SelectBase>
</ComboboxMulti>
`;
