// Jest Snapshot v1, https://goo.gl/fbAQLP

exports[`<LocationAutocompleteWithGoogleLoader/> that loads google api and renders a LocationAutocompleteWithGoogleLoader should render with default props 1`] = `
<LocationAutocompleteWithGoogleLoader
  apiKey="someKey"
  inputPlaceholder="Location..."
  noSuggestionsPlaceholder="No suggestions..."
  onSelectionChange={[Function]}
>
  <Memo(LoadScriptNext)
    googleMapsApiKey="someKey"
    libraries={
      Array [
        "places",
      ]
    }
    loadingElement={
      <LoadingSpinner
        centerIn="parent"
      />
    }
  >
    <LoadingSpinner
      centerIn="parent"
    >
      <div
        aria-busy={true}
        aria-hidden={false}
        className="LoadingSpinner LoadingSpinner--centerIn_parent"
        role="status"
      >
        <svg
          className="LoadingSpinner__svg"
          style={null}
          viewBox={
            Array [
              0,
              0,
              44,
              44,
            ]
          }
        >
          <circle
            className="LoadingSpinner__path LoadingSpinner__path--context_brand"
            cx="22"
            cy="22"
            fill="none"
            r="20"
            strokeWidth="4"
          />
        </svg>
      </div>
    </LoadingSpinner>
  </Memo(LoadScriptNext)>
</LocationAutocompleteWithGoogleLoader>
`;
