// Jest Snapshot v1, https://goo.gl/fbAQLP

exports[`LocationSelectorDialog component should render correctly 1`] = `
<LocationSelectorDialog
  country="NL"
  doneLabel="doneLabel"
  getMarkers={[Function]}
  initialMapAddress={null}
  inputPlaceholder="inputPlaceholder"
  maxRadius={100}
  minRadius={1}
  noSuggestionsPlaceholder="noSuggestionsPlaceholder"
  onAddLocation={[MockFunction]}
  onCloseModal={[MockFunction]}
  onLocationAutocompleteError={[MockFunction]}
  onRemoveAllLocations={[MockFunction]}
  onRemoveLocation={[MockFunction]}
  onUpdateLocation={[MockFunction]}
  placeTypes={
    Array [
      "(regions)",
    ]
  }
  radiusStep={1}
  renderRadiusLabel={[Function]}
  selectedLocations={
    Array [
      Object {
        "center": Object {
          "lat": 52.3666969,
          "lng": 4.894539799999961,
        },
        "description": "Amsterdam",
        "id": "ajdo-219a-j19v-0491",
        "radius": 42,
        "sliderLabel": "42km",
      },
      Object {
        "center": Object {
          "lat": 52.09073739999999,
          "lng": 5.121420100000023,
        },
        "description": "Utrecht",
        "id": "ajdo-219a-j19v-0492",
        "radius": 20,
        "sliderLabel": "20km",
      },
    ]
  }
  showCountryInSuggestions={true}
  withoutLocationCards={false}
>
  <div
    className="LocationSelectorDialog__inputLine"
    onKeyDown={[Function]}
    role="presentation"
  >
    <LocationAutocomplete
      className="LocationSelectorDialog__searchField"
      clearLabel=""
      country="NL"
      defaultInputValue=""
      hidePoweredByGoogleLogo={true}
      inputPlaceholder="inputPlaceholder"
      inputRef={
        Object {
          "current": <input
            aria-autocomplete="list"
            aria-labelledby="downshift-0-label"
            autocomplete="off"
            class="AutosuggestDeprecated__input"
            data-lpignore="true"
            id="downshift-0-input"
            placeholder="inputPlaceholder"
            value=""
          />,
        }
      }
      isFocused={true}
      noSuggestionsPlaceholder="noSuggestionsPlaceholder"
      onError={[MockFunction]}
      onRemoveAllLocations={[MockFunction]}
      onSelectionChange={[Function]}
      placeTypes={
        Array [
          "(regions)",
        ]
      }
      showCountryInSuggestions={true}
      singleLocation={false}
    >
      <AutosuggestDeprecated
        className="LocationSelectorDialog__searchField"
        clearTitle=""
        defaultInputValue=""
        getSuggestions={Array []}
        iconNode={
          <FaMapMarkerAlt
            className="LocationAutocomplete__icon"
          />
        }
        inputPlaceholder="inputPlaceholder"
        inputRef={
          Object {
            "current": <input
              aria-autocomplete="list"
              aria-labelledby="downshift-0-label"
              autocomplete="off"
              class="AutosuggestDeprecated__input"
              data-lpignore="true"
              id="downshift-0-input"
              placeholder="inputPlaceholder"
              value=""
            />,
          }
        }
        isFocused={true}
        isLoading={false}
        isMultiselect={false}
        isProminent={false}
        listRef={null}
        listRenderer={[Function]}
        noSuggestionsPlaceholder="noSuggestionsPlaceholder"
        onBlur={[Function]}
        onClearAllSelected={[MockFunction]}
        onInputValueChange={[Function]}
        onSelectionChange={[Function]}
        rootRef={null}
        saveSelectedValueToInput={false}
        selectedPlaceholder=""
        selectedSuggestions={null}
        showClearButton={false}
        suggestionToString={[Function]}
      >
        <div
          className="AutosuggestDeprecated LocationSelectorDialog__searchField"
        >
          <Downshift
            defaultHighlightedIndex={0}
            defaultIsOpen={false}
            environment={[Window]}
            getA11yStatusMessage={[Function]}
            inputValue=""
            itemToString={[Function]}
            onChange={[Function]}
            onInputValueChange={[Function]}
            onOuterClick={[Function]}
            onSelect={[Function]}
            onStateChange={[Function]}
            onUserAction={[Function]}
            scrollIntoView={[Function]}
            selectedItemChanged={[Function]}
            stateReducer={[Function]}
            suppressRefError={false}
          >
            <div
              aria-expanded={false}
              aria-haspopup="listbox"
              aria-labelledby="downshift-0-label"
              aria-owns={null}
              className="AutosuggestDeprecated__main AutosuggestDeprecated__main--focused"
              role="combobox"
            >
              <FieldWrapper
                className="AutosuggestDeprecated__field"
                clearLabel=""
                disabled={false}
                isArrowUp={false}
                isFocused={true}
                onClear={[Function]}
                onClick={[Function]}
                onKeyDown={[Function]}
                showArrow={false}
                showClearButton={false}
              >
                <div
                  className="FieldWrapper FieldWrapper--isFocused AutosuggestDeprecated__field"
                  disabled={false}
                  onClick={[Function]}
                  onKeyDown={[Function]}
                >
                  <div
                    className="FieldWrapper__content"
                  >
                    <div
                      className="AutosuggestDeprecated__wrapper AutosuggestDeprecated__wrapper--focused"
                      role="searchbox"
                      tabIndex="0"
                    >
                      <FaMapMarkerAlt
                        className="AutosuggestDeprecated__spacedElem LocationAutocomplete__icon"
                      >
                        <IconBase
                          attr={
                            Object {
                              "viewBox": "0 0 384 512",
                            }
                          }
                          className="AutosuggestDeprecated__spacedElem LocationAutocomplete__icon"
                        >
                          <svg
                            className="AutosuggestDeprecated__spacedElem LocationAutocomplete__icon"
                            fill="currentColor"
                            height="1em"
                            stroke="currentColor"
                            strokeWidth="0"
                            style={
                              Object {
                                "color": undefined,
                              }
                            }
                            viewBox="0 0 384 512"
                            width="1em"
                            xmlns="http://www.w3.org/2000/svg"
                          >
                            <path
                              d="M172.268 501.67C26.97 291.031 0 269.413 0 192 0 85.961 85.961 0 192 0s192 85.961 192 192c0 77.413-26.97 99.031-172.268 309.67-9.535 13.774-29.93 13.773-39.464 0zM192 272c44.183 0 80-35.817 80-80s-35.817-80-80-80-80 35.817-80 80 35.817 80 80 80z"
                              key="0"
                            />
                          </svg>
                        </IconBase>
                      </FaMapMarkerAlt>
                      <input
                        aria-activedescendant={null}
                        aria-autocomplete="list"
                        aria-controls={null}
                        aria-labelledby="downshift-0-label"
                        autoComplete="off"
                        className="AutosuggestDeprecated__input"
                        data-lpignore={true}
                        id="downshift-0-input"
                        onBlur={[Function]}
                        onChange={[Function]}
                        onKeyDown={[Function]}
                        placeholder="inputPlaceholder"
                        value=""
                      />
                    </div>
                    <List
                      aria-labelledby="downshift-0-label"
                      className="AutosuggestDeprecated__list--focused"
                      doSelectOnNavigate={false}
                      id="downshift-0-menu"
                      isControlledNavigation={true}
                      isDivided={false}
                      role="listbox"
                    >
                      <ul
                        aria-labelledby="downshift-0-label"
                        className="List AutosuggestDeprecated__list--focused"
                        id="downshift-0-menu"
                        role="listbox"
                      />
                    </List>
                  </div>
                </div>
              </FieldWrapper>
            </div>
          </Downshift>
        </div>
      </AutosuggestDeprecated>
    </LocationAutocomplete>
    <Button
      className="LocationSelectorDialog__button"
      context="brand"
      disabled={false}
      isBlock={false}
      isInline={false}
      onClick={[MockFunction]}
      size="normal"
      type="button"
    >
      <button
        className="Button Button--context_brand LocationSelectorDialog__button"
        disabled={false}
        onClick={[MockFunction]}
        type="button"
      >
        doneLabel
      </button>
    </Button>
  </div>
  <div
    className="LocationSelectorDialog__locationsWrapper"
  >
    <ul
      className="LocationSelectorDialog__locationCardsContainer"
    >
      <LocationCard
        As="li"
        className="LocationSelectorDialog__locationCard"
        distanceRadius={42}
        hasRadius={false}
        key="ajdo-219a-j19v-0491"
        locationId="ajdo-219a-j19v-0491"
        locationTitle="Amsterdam"
        maxRadius={100}
        minRadius={1}
        onDelete={[Function]}
        onRadiusChange={[MockFunction]}
        radiusStep={1}
        sliderLabel="+ 42 km"
      >
        <li
          className="LocationCard LocationSelectorDialog__locationCard"
        >
          <div
            className="LocationCard__header"
          >
            <Text
              className="LocationCard__title"
              context="default"
              inline={false}
              size="large"
              title="Amsterdam"
            >
              <p
                className="Text--size_large LocationCard__title"
                title="Amsterdam"
              >
                Amsterdam
              </p>
            </Text>
            <button
              className="LocationCard__deleteButton"
              onClick={[Function]}
              type="button"
            >
              ×
            </button>
          </div>
        </li>
      </LocationCard>
      <LocationCard
        As="li"
        className="LocationSelectorDialog__locationCard"
        distanceRadius={20}
        hasRadius={false}
        key="ajdo-219a-j19v-0492"
        locationId="ajdo-219a-j19v-0492"
        locationTitle="Utrecht"
        maxRadius={100}
        minRadius={1}
        onDelete={[Function]}
        onRadiusChange={[MockFunction]}
        radiusStep={1}
        sliderLabel="+ 20 km"
      >
        <li
          className="LocationCard LocationSelectorDialog__locationCard"
        >
          <div
            className="LocationCard__header"
          >
            <Text
              className="LocationCard__title"
              context="default"
              inline={false}
              size="large"
              title="Utrecht"
            >
              <p
                className="Text--size_large LocationCard__title"
                title="Utrecht"
              >
                Utrecht
              </p>
            </Text>
            <button
              className="LocationCard__deleteButton"
              onClick={[Function]}
              type="button"
            >
              ×
            </button>
          </div>
        </li>
      </LocationCard>
    </ul>
    <Map
      defaultArea={
        Object {
          "address": "NL",
        }
      }
      mapContainerStyle={
        Object {
          "height": "100%",
          "width": "100%",
        }
      }
      markers={Array []}
    >
      <GoogleMap
        mapContainerStyle={
          Object {
            "height": "100%",
            "width": "100%",
          }
        }
        onLoad={[Function]}
        options={
          Object {
            "fullscreenControl": false,
            "mapTypeControl": false,
            "rotateControl": false,
            "streetViewControl": false,
          }
        }
      >
        <div
          style={
            Object {
              "height": "100%",
              "width": "100%",
            }
          }
        />
      </GoogleMap>
    </Map>
  </div>
</LocationSelectorDialog>
`;
