// Jest Snapshot v1, https://goo.gl/fbAQLP

exports[`LocationSelectorDialog component should render correctly 1`] = `
<div>
  <div
    class="LocationSelectorDialog__inputLine"
    role="presentation"
  >
    <div
      class="SelectBase LocationSelectorDialog__searchField"
    >
      <div
        aria-expanded="false"
        aria-haspopup="listbox"
        aria-labelledby="downshift-0-label"
        class="SelectBase__main SelectBase__main--focused"
        role="combobox"
      >
        <div
          class="FieldWrapper FieldWrapper--isFocused SelectBase__field"
        >
          <div
            class="FieldWrapper__content"
          >
            <div
              class="Autosuggest__wrapper Autosuggest__wrapper--isFocused"
            >
              <svg
                class="LocationAutocomplete__icon"
                fill="currentColor"
                height="1em"
                stroke="currentColor"
                stroke-width="0"
                viewBox="0 0 384 512"
                width="1em"
                xmlns="http://www.w3.org/2000/svg"
              >
                <path
                  d="M172.268 501.67C26.97 291.031 0 269.413 0 192 0 85.961 85.961 0 192 0s192 85.961 192 192c0 77.413-26.97 99.031-172.268 309.67-9.535 13.774-29.93 13.773-39.464 0zM192 272c44.183 0 80-35.817 80-80s-35.817-80-80-80-80 35.817-80 80 35.817 80 80 80z"
                />
              </svg>
              <input
                aria-autocomplete="list"
                aria-labelledby="downshift-0-label"
                autocomplete="off"
                class="Autosuggest__input"
                data-lpignore="true"
                placeholder="inputPlaceholder"
                value=""
              />
            </div>
            <ul
              aria-labelledby="downshift-0-label"
              class="List SelectBase__list--focused"
              id="downshift-0-menu"
              role="listbox"
            />
          </div>
        </div>
      </div>
    </div>
    <button
      class="Button Button--isPrimary LocationSelectorDialog__button"
      type="button"
    >
      doneLabel
    </button>
  </div>
  <div
    class="LocationSelectorDialog__locationsWrapper"
  >
    <ul
      class="LocationSelectorDialog__locationCardsContainer"
    >
      <li
        class="LocationCard LocationSelectorDialog__locationCard"
      >
        <div
          class="LocationCard__header"
        >
          <p
            class="Text--size_large LocationCard__title"
            title="Amsterdam"
          >
            Amsterdam
          </p>
          <button
            class="LocationCard__deleteButton"
            type="button"
          >
            ×
          </button>
        </div>
      </li>
      <li
        class="LocationCard LocationSelectorDialog__locationCard"
      >
        <div
          class="LocationCard__header"
        >
          <p
            class="Text--size_large LocationCard__title"
            title="Utrecht"
          >
            Utrecht
          </p>
          <button
            class="LocationCard__deleteButton"
            type="button"
          >
            ×
          </button>
        </div>
      </li>
    </ul>
    <div
      style="height: 100%; width: 100%;"
    />
  </div>
</div>
`;
