// Jest Snapshot v1, https://goo.gl/fbAQLP

exports[`<IconBase> that renders an SVG wrapper with all options included should render a default icon 1`] = `
<div
  className="IconBase IconBase--margin_right IconBase--isPrimary"
>
  <svg
    aria-labelledby="title"
    className="IconBase__svg"
    role="img"
    style={
      Object {
        "height": 15,
        "top": "auto",
        "width": 15,
      }
    }
    viewBox="0 0 100 100"
    xmlns="http://www.w3.org/2000/svg"
  >
    <title>
      Icon base
    </title>
    <circle
      cx="50"
      cy="50"
      r="50"
    />
  </svg>
</div>
`;
