// Jest Snapshot v1, https://goo.gl/fbAQLP

exports[`<PillDropdown> component should render correctly 1`] = `
<div>
  <div
    class="PillDropdown"
    role="presentation"
  >
    <div
      class="PillDropdown__dialog"
      role="dialog"
    >
      <div
        class="PillDropdown__content"
        role="group"
      />
      <div
        class="PillDropdown__footer"
      >
        <button
          class="Button Button--isPrimary Button--size_small"
          type="button"
        >
          Done
        </button>
      </div>
    </div>
  </div>
</div>
`;
